PASS | login | logged in as issue83-flow-a@verify.local
PASS | channel-radio | alipay default=true, wechat radio present=true
PASS | wechat-awaiting-payment | checkout link weixin://wxpay/bizpayurl?pr=issue836369ab02848f
PASS | wechat-order-id | ord_851cba615e34180a
PASS | stub-native-order | stub NATIVE out_trade_no=mo_93bf2c8860f629c9 total=9900 state=NOTPAY
PASS | stub-signed-notify | TRANSACTION.SUCCESS pushed for mo_93bf2c8860f629c9 (stub asserted WeKnora 200 {"code":"SUCCESS"})
PASS | paid-awaiting-activation | checkout shows 已付款，权益处理中
PASS | billing-paid-awaiting | billing plan row shows 已付款待激活
FAIL | settle-webhook-active | purchase reached active after 24 polls; last webhook: deliver-pending (attempt 24, cus=cus_VKokY0IDHD34cH)
node:internal/modules/run_main:123
    triggerUncaughtException(
    ^

page.waitForSelector: Timeout 60000ms exceeded.
Call log:
  - waiting for locator('text=权益已生效') to be visible

    at /Users/wuyongjun/trea/WeKnora-fork01/.worktrees-issue72/lago-int/docs/plans/issue-72-flow-evidence-83/browser_flow_83.mjs:229:14 {
  log: [ "  - waiting for locator('text=权益已生效') to be visible" ],
  name: 'TimeoutError'
}

Node.js v22.22.3
