[12:20:21] NATIVE out_trade_no=mo_8af01d5c11376d1d total=9900 appid=wx83v2flow mchid=1900000830 -> code_url=weixin://wxpay/bizpayurl?pr=issue8347f7a21b7f9e
[12:20:21] http "POST /v3/pay/transactions/native HTTP/1.1" 200 -
[12:20:21] http "GET /stub/orders HTTP/1.1" 200 -
[12:20:21] MARK mo_8af01d5c11376d1d -> state=SUCCESS txn=wx_txn_83_rec_41
[12:20:21] http "POST /stub/mark HTTP/1.1" 200 -
[12:20:21] QUERY mo_8af01d5c11376d1d -> trade_state=SUCCESS total=9900
[12:20:21] http "GET /v3/pay/transactions/out-trade-no/mo_8af01d5c11376d1d?mchid=1900000830 HTTP/1.1" 200 -
[12:20:51] http "GET /stub/orders HTTP/1.1" 200 -
[12:20:51] NOTIFY PUSH out_trade_no=mo_93bf2c8860f629c9 -> HTTP 200 {"code":"SUCCESS","message":"OK"}
[12:20:51] http "POST /stub/notify HTTP/1.1" 200 -
[12:20:51] NOTIFY PUSH out_trade_no=mo_93bf2c8860f629c9 -> HTTP 200 {"code":"SUCCESS","message":"OK"}
[12:20:51] http "POST /stub/notify HTTP/1.1" 200 -
[12:20:57] NATIVE out_trade_no=mo_bf27c8c00151dbaa total=9900 appid=wx83v2flow mchid=1900000830 -> code_url=weixin://wxpay/bizpayurl?pr=issue83d9f4079aace6
[12:20:57] http "POST /v3/pay/transactions/native HTTP/1.1" 200 -
[12:20:57] http "GET /stub/orders HTTP/1.1" 200 -
[12:20:57] MARK mo_bf27c8c00151dbaa -> state=SUCCESS txn=wx_txn_83_race_42
[12:20:57] http "POST /stub/mark HTTP/1.1" 200 -
[12:20:57] CLOSE mo_bf27c8c00151dbaa -> 400 ORDER_PAID (race shape)
[12:20:57] http "POST /v3/pay/transactions/out-trade-no/mo_bf27c8c00151dbaa/close HTTP/1.1" 400 -
[12:20:57] QUERY mo_bf27c8c00151dbaa -> trade_state=SUCCESS total=9900
[12:20:57] http "GET /v3/pay/transactions/out-trade-no/mo_bf27c8c00151dbaa?mchid=1900000830 HTTP/1.1" 200 -
[12:21:23] NATIVE out_trade_no=mo_fc5c6f5ca6a1d8c3 total=9900 appid=wx83v2flow mchid=1900000830 -> code_url=weixin://wxpay/bizpayurl?pr=issue836372aa40c170
[12:21:23] http "POST /v3/pay/transactions/native HTTP/1.1" 200 -
[12:21:23] http "GET /stub/orders HTTP/1.1" 200 -
[12:21:23] CLOSE mo_fc5c6f5ca6a1d8c3 -> 204 (closed)
[12:21:23] http "POST /v3/pay/transactions/out-trade-no/mo_fc5c6f5ca6a1d8c3/close HTTP/1.1" 204 -
[12:21:24] MARK mo_fc5c6f5ca6a1d8c3 -> state=SUCCESS txn=wx_txn_83_late_43
[12:21:24] http "POST /stub/mark HTTP/1.1" 200 -
[12:21:24] NOTIFY PUSH out_trade_no=mo_fc5c6f5ca6a1d8c3 -> HTTP 200 {"code":"SUCCESS","message":"OK"}
[12:21:24] http "POST /stub/notify HTTP/1.1" 200 -
