# pod install 证据（事后回填自会话终端记录）
# 执行时间：2026-09-28 02:04:58，工作目录 apps/mobile/ios
# 命令：pod install
# 说明：当时 tee 目标路径写错（相对层级少一级）导致日志未落盘，本文件由会话记录如实回填。
---
Setting REACT_NATIVE_PATH build settings
Setting SWIFT_ACTIVE_COMPILATION_CONDITIONS build settings
[Ccache]: Removing Ccache from CC, LD, CXX & LDPLUSPLUS build settings
Setting SWIFT_ENABLE_EXPLICIT_MODULES build settings
[SPM] Cleaning old SPM dependencies from Pods project
[SPM] Adding SPM dependencies to Pods project
[Privacy Manifest Aggregation] Appending aggregated reasons to existing PrivacyInfo.xcprivacy file.
[Privacy Manifest Aggregation] Reading .xcprivacy files to aggregate all used Required Reason APIs.
Setting CLANG_CXX_LANGUAGE_STANDARD to c++20 on /Users/wuyongjun/trea/WeKnora-fork01/.worktrees/issue30-sweep/apps/mobile/ios/WeKnora.xcodeproj

==================== DEPRECATION NOTICE =====================
Calling `pod install` directly is deprecated in React Native
because we are moving away from Cocoapods toward alternative
solutions to build the project.
* If you are using Expo, please run:
`npx expo run:ios`
* If you are using the Community CLI, please run:
`yarn ios`
=============================================================

Pod install took 59 [s] to run
Integrating client project
Pod installation complete! There are 100 dependencies from the Podfile and 106 total pods installed.
[Expo] Adding '[Expo Autolinking] Run Codegen with autolinking' build phase to ReactCodegen
[Expo] Disabling SWIFT_EMIT_MODULE_INTERFACE for pod targets (prebuilt React compatibility)
---
# 结果核验（pod install 后实测）：
#   Podfile.lock:33  - ExpoAudio (55.0.18)
#   Podfile.lock:87  - ExpoNetwork (55.0.18)
#   pod install 前 Pods/ 目录无 ExpoAudio/ExpoNetwork（prebuild 后、pod install 前
#   `ls ios/Pods | grep -i` 输出为空）——证明遗留工程确缺 B5 新 pod，必须重跑 prebuild+pod install。
