Command line invocation:
    /Applications/Xcode.app/Contents/Developer/usr/bin/xcodebuild -workspace WeKnora.xcworkspace -scheme WeKnora -configuration Release -sdk iphonesimulator -destination "platform=iOS Simulator,id=0A38DB71-CEE1-4A89-8B19-6DD24A3E85FC" -derivedDataPath build ARCHS=arm64 ONLY_ACTIVE_ARCH=YES build

Build settings from command line:
    ARCHS = arm64
    ONLY_ACTIVE_ARCH = YES
    SDKROOT = iphonesimulator27.0

ComputePackagePrebuildTargetDependencyGraph

Prepare packages

CreateBuildRequest

SendProjectDescription

CreateBuildOperation

ComputeTargetDependencyGraph
note: Building targets in dependency order
note: Target dependency graph (112 targets)
    Target 'WeKnora' in project 'WeKnora'
        ➜ Implicit dependency on target 'Pods-WeKnora' in project 'Pods' via file 'libPods-WeKnora.a' in build phase 'Link Binary'
        ➜ Implicit dependency on target 'EXApplication' in project 'Pods' via options '-lEXApplication' in build setting 'OTHER_LDFLAGS'
        ➜ Implicit dependency on target 'EXConstants' in project 'Pods' via options '-lEXConstants' in build setting 'OTHER_LDFLAGS'
        ➜ Implicit dependency on target 'Expo' in project 'Pods' via options '-lExpo' in build setting 'OTHER_LDFLAGS'
        ➜ Implicit dependency on target 'ExpoAsset' in project 'Pods' via options '-lExpoAsset' in build setting 'OTHER_LDFLAGS'
        ➜ Implicit dependency on target 'ExpoCrypto' in project 'Pods' via options '-lExpoCrypto' in build setting 'OTHER_LDFLAGS'
        ➜ Implicit dependency on target 'ExpoDomWebView' in project 'Pods' via options '-lExpoDomWebView' in build setting 'OTHER_LDFLAGS'
        ➜ Implicit dependency on target 'ExpoFileSystem' in project 'Pods' via options '-lExpoFileSystem' in build setting 'OTHER_LDFLAGS'
        ➜ Implicit dependency on target 'ExpoFont' in project 'Pods' via options '-lExpoFont' in build setting 'OTHER_LDFLAGS'
        ➜ Implicit dependency on target 'ExpoGlassEffect' in project 'Pods' via options '-lExpoGlassEffect' in build setting 'OTHER_LDFLAGS'
        ➜ Implicit dependency on target 'ExpoImage' in project 'Pods' via options '-lExpoImage' in build setting 'OTHER_LDFLAGS'
        ➜ Implicit dependency on target 'ExpoKeepAwake' in project 'Pods' via options '-lExpoKeepAwake' in build setting 'OTHER_LDFLAGS'
        ➜ Implicit dependency on target 'ExpoLinking' in project 'Pods' via options '-lExpoLinking' in build setting 'OTHER_LDFLAGS'
        ➜ Implicit dependency on target 'ExpoLogBox' in project 'Pods' via options '-lExpoLogBox' in build setting 'OTHER_LDFLAGS'
        ➜ Implicit dependency on target 'ExpoModulesCore' in project 'Pods' via options '-lExpoModulesCore' in build setting 'OTHER_LDFLAGS'
        ➜ Implicit dependency on target 'ExpoModulesJSI' in project 'Pods' via options '-lExpoModulesJSI' in build setting 'OTHER_LDFLAGS'
        ➜ Implicit dependency on target 'ExpoRouter' in project 'Pods' via options '-lExpoRouter' in build setting 'OTHER_LDFLAGS'
        ➜ Implicit dependency on target 'ExpoSecureStore' in project 'Pods' via options '-lExpoSecureStore' in build setting 'OTHER_LDFLAGS'
……（中段省略，完整日志见本地 /tmp/xcodebuild-fixround1.log；本文件保留错误/警告与结尾结果）……
6559:/Users/wuyongjun/trea/WeKnora-fork01/.worktrees/issue30-sweep/apps/mobile/ios/Pods/libwebp/src/dsp/dec_neon.c:1467:38: warning: variable 'sum_left' may be uninitialized when used here [-Wconditional-uninitialized]
6565:/Users/wuyongjun/trea/WeKnora-fork01/.worktrees/issue30-sweep/apps/mobile/ios/Pods/libwebp/src/dsp/dec_neon.c:1467:48: warning: variable 'sum_top' may be uninitialized when used here [-Wconditional-uninitialized]
6571:/Users/wuyongjun/trea/WeKnora-fork01/.worktrees/issue30-sweep/apps/mobile/ios/Pods/libwebp/src/dsp/dec_neon.c:1556:38: warning: variable 'sum_left' may be uninitialized when used here [-Wconditional-uninitialized]
6577:/Users/wuyongjun/trea/WeKnora-fork01/.worktrees/issue30-sweep/apps/mobile/ios/Pods/libwebp/src/dsp/dec_neon.c:1556:48: warning: variable 'sum_top' may be uninitialized when used here [-Wconditional-uninitialized]
6862:/Users/wuyongjun/trea/WeKnora-fork01/.worktrees/issue30-sweep/apps/mobile/ios/Pods/libwebp/src/enc/backward_references_enc.c:723:12: warning: variable 'best_offset' may be uninitialized when used here [-Wconditional-uninitialized]
7341:/Users/wuyongjun/trea/WeKnora-fork01/.worktrees/issue30-sweep/apps/mobile/ios/Pods/libdav1d/dav1d/src/lf_mask.c:263:44: warning: possible misuse of comma operator here [-Wcomma]
7435:/Users/wuyongjun/trea/WeKnora-fork01/.worktrees/issue30-sweep/apps/mobile/ios/Pods/libdav1d/dav1d/src/thread_task.c:489:36: warning: incompatible pointer types passing 'uint8_t[3][4096]' (aka 'unsigned char[3][4096]') to parameter of type 'uint8_t (*)[256]' (aka 'unsigned char (*)[256]') [-Wincompatible-pointer-types]
7442:/Users/wuyongjun/trea/WeKnora-fork01/.worktrees/issue30-sweep/apps/mobile/ios/Pods/libdav1d/dav1d/src/thread_task.c:490:36: warning: incompatible pointer types passing 'int16_t[3][74][82]' (aka 'short[3][74][82]') to parameter of type 'entry (*)[74][82]' (aka 'signed char (*)[74][82]') [-Wincompatible-pointer-types]
7449:/Users/wuyongjun/trea/WeKnora-fork01/.worktrees/issue30-sweep/apps/mobile/ios/Pods/libdav1d/dav1d/src/thread_task.c:524:41: warning: incompatible pointer types passing 'uint8_t[3][4096]' (aka 'unsigned char[3][4096]') to parameter of type 'const uint8_t (*)[256]' (aka 'const unsigned char (*)[256]') [-Wincompatible-pointer-types]
7456:/Users/wuyongjun/trea/WeKnora-fork01/.worktrees/issue30-sweep/apps/mobile/ios/Pods/libdav1d/dav1d/src/thread_task.c:525:41: warning: incompatible pointer types passing 'int16_t[3][74][82]' (aka 'short[3][74][82]') to parameter of type 'const entry (*)[74][82]' (aka 'const signed char (*)[74][82]') [-Wincompatible-pointer-types]
7760:/Users/wuyongjun/trea/WeKnora-fork01/.worktrees/issue30-sweep/apps/mobile/ios/Pods/libdav1d/dav1d/src/decode.c:2086:43: warning: conditional expression between different enumeration types ('enum CompInterPredMode' and 'enum InterPredMode') [-Wenum-compare-conditional]
7763:/Users/wuyongjun/trea/WeKnora-fork01/.worktrees/issue30-sweep/apps/mobile/ios/Pods/libdav1d/dav1d/src/decode.c:2654:32: warning: incompatible pointer types assigning to 'coef *' (aka 'short *') from 'uint8_t *' (aka 'unsigned char *') [-Wincompatible-pointer-types]
7772:/Users/wuyongjun/trea/WeKnora-fork01/.worktrees/issue30-sweep/apps/mobile/ios/Pods/libdav1d/dav1d/src/decode.c:3135:37: warning: possible misuse of comma operator here [-Wcomma]
8147:/Users/wuyongjun/trea/WeKnora-fork01/.worktrees/issue30-sweep/apps/mobile/ios/Pods/libavif/src/write.c:238:47: warning: a function declaration without a prototype is deprecated in all versions of C [-Wstrict-prototypes]
8343:/Users/wuyongjun/trea/WeKnora-fork01/.worktrees/issue30-sweep/apps/mobile/ios/Pods/libavif/src/read.c:273:47: warning: a function declaration without a prototype is deprecated in all versions of C [-Wstrict-prototypes]
8347:/Users/wuyongjun/trea/WeKnora-fork01/.worktrees/issue30-sweep/apps/mobile/ios/Pods/libavif/src/read.c:739:33: warning: a function declaration without a prototype is deprecated in all versions of C [-Wstrict-prototypes]
8351:/Users/wuyongjun/trea/WeKnora-fork01/.worktrees/issue30-sweep/apps/mobile/ios/Pods/libavif/src/read.c:846:47: warning: a function declaration without a prototype is deprecated in all versions of C [-Wstrict-prototypes]
8639:libtool: warning: 'cdef_tmpl-02f7f9057b4ec3a1dc784e15ef327b9c.o' has no symbols
8640:libtool: warning: 'looprestoration_tmpl-409f757606916e8bc2117107ef649b42.o' has no symbols
8641:libtool: warning: 'util.o' has no symbols
9295:/Users/wuyongjun/trea/WeKnora-fork01/.worktrees/issue30-sweep/apps/mobile/ios/Pods/SDWebImageAVIFCoder/SDWebImageAVIFCoder/Classes/SDImageAVIFCoder.m:253:53: warning: bitwise operation between different enumeration types ('enum CGImageAlphaInfo' and 'enum CGBitmapInfo') [-Wenum-enum-conversion]
9298:/Users/wuyongjun/trea/WeKnora-fork01/.worktrees/issue30-sweep/apps/mobile/ios/Pods/SDWebImageAVIFCoder/SDWebImageAVIFCoder/Classes/SDImageAVIFCoder.m:253:101: warning: bitwise operation between different enumeration types ('enum CGImageAlphaInfo' and 'enum CGBitmapInfo') [-Wenum-enum-conversion]
9301:/Users/wuyongjun/trea/WeKnora-fork01/.worktrees/issue30-sweep/apps/mobile/ios/Pods/SDWebImageAVIFCoder/SDWebImageAVIFCoder/Classes/SDImageAVIFCoder.m:308:54: warning: 'CGColorSpaceCopyICCProfile' is deprecated: first deprecated in iOS 11.0 - No longer supported [-Wdeprecated-declarations]
9323:/Users/wuyongjun/trea/WeKnora-fork01/.worktrees/issue30-sweep/apps/mobile/ios/Pods/SDWebImageAVIFCoder/SDWebImageAVIFCoder/Classes/ColorSpace.m:216:20: warning: 'CGColorSpaceCreateWithICCProfile' is deprecated: first deprecated in iOS 11.0 - No longer supported [-Wdeprecated-declarations]
9330:/Users/wuyongjun/trea/WeKnora-fork01/.worktrees/issue30-sweep/apps/mobile/ios/Pods/SDWebImageAVIFCoder/SDWebImageAVIFCoder/Classes/ColorSpace.m:314:20: warning: 'CGColorSpaceCreateWithICCProfile' is deprecated: first deprecated in iOS 11.0 - No longer supported [-Wdeprecated-declarations]
9337:/Users/wuyongjun/trea/WeKnora-fork01/.worktrees/issue30-sweep/apps/mobile/ios/Pods/SDWebImageAVIFCoder/SDWebImageAVIFCoder/Classes/ColorSpace.m:399:34: warning: 'kCGColorSpaceITUR_2020_PQ' is deprecated: first deprecated in iOS 14.0 - No longer supported [-Wdeprecated-declarations]
9344:/Users/wuyongjun/trea/WeKnora-fork01/.worktrees/issue30-sweep/apps/mobile/ios/Pods/SDWebImageAVIFCoder/SDWebImageAVIFCoder/Classes/ColorSpace.m:401:34: warning: 'kCGColorSpaceITUR_2020_PQ_EOTF' is deprecated: first deprecated in iOS 13.4 - No longer supported [-Wdeprecated-declarations]
9351:/Users/wuyongjun/trea/WeKnora-fork01/.worktrees/issue30-sweep/apps/mobile/ios/Pods/SDWebImageAVIFCoder/SDWebImageAVIFCoder/Classes/ColorSpace.m:422:34: warning: 'kCGColorSpaceITUR_2020_HLG' is deprecated: first deprecated in iOS 14.0 - No longer supported [-Wdeprecated-declarations]
9358:/Users/wuyongjun/trea/WeKnora-fork01/.worktrees/issue30-sweep/apps/mobile/ios/Pods/SDWebImageAVIFCoder/SDWebImageAVIFCoder/Classes/ColorSpace.m:474:34: warning: 'kCGColorSpaceDisplayP3_PQ_EOTF' is deprecated: first deprecated in iOS 13.4 - No longer supported [-Wdeprecated-declarations]
9373:/Users/wuyongjun/trea/WeKnora-fork01/.worktrees/issue30-sweep/apps/mobile/ios/Pods/SDWebImage/SDWebImage/Core/UIImage+Transform.m:761:58: warning: bitwise operation between different enumeration types ('CGBitmapInfo' (aka 'enum CGBitmapInfo') and 'enum CGImagePixelFormatInfo') [-Wenum-enum-conversion]
9376:/Users/wuyongjun/trea/WeKnora-fork01/.worktrees/issue30-sweep/apps/mobile/ios/Pods/SDWebImage/SDWebImage/Core/UIImage+Transform.m:847:58: warning: bitwise operation between different enumeration types ('CGBitmapInfo' (aka 'enum CGBitmapInfo') and 'enum CGImagePixelFormatInfo') [-Wenum-enum-conversion]
9379:/Users/wuyongjun/trea/WeKnora-fork01/.worktrees/issue30-sweep/apps/mobile/ios/Pods/SDWebImage/SDWebImage/Core/UIImage+Transform.m:964:55: warning: bitwise operation between different enumeration types ('enum CGImageAlphaInfo' and 'const CGBitmapInfo' (aka 'const enum CGBitmapInfo')) [-Wenum-enum-conversion]
9408:/Users/wuyongjun/trea/WeKnora-fork01/.worktrees/issue30-sweep/apps/mobile/ios/Pods/SDWebImage/SDWebImage/Core/SDImageIOCoder.m:208:64: warning: 'UTTypeCreatePreferredIdentifierForTag' is deprecated: first deprecated in iOS 15.0 - Use the UTType class instead. [-Wdeprecated-declarations]
9415:/Users/wuyongjun/trea/WeKnora-fork01/.worktrees/issue30-sweep/apps/mobile/ios/Pods/SDWebImage/SDWebImage/Core/SDImageIOCoder.m:208:102: warning: 'kUTTagClassFilenameExtension' is deprecated: first deprecated in iOS 15.0 - Use UTTagClassFilenameExtension instead. [-Wdeprecated-declarations]
9422:/Users/wuyongjun/trea/WeKnora-fork01/.worktrees/issue30-sweep/apps/mobile/ios/Pods/SDWebImage/SDWebImage/Core/SDImageIOCoder.m:208:173: warning: 'kUTTypeImage' is deprecated: first deprecated in iOS 15.0 - Use UTTypeImage or UTType.image (swift) instead. [-Wdeprecated-declarations]
9429:/Users/wuyongjun/trea/WeKnora-fork01/.worktrees/issue30-sweep/apps/mobile/ios/Pods/SDWebImage/SDWebImage/Core/SDImageIOCoder.m:210:17: warning: 'UTTypeIsDynamic' is deprecated: first deprecated in iOS 15.0 - Use UTType.dynamic instead. [-Wdeprecated-declarations]
9444:/Users/wuyongjun/trea/WeKnora-fork01/.worktrees/issue30-sweep/apps/mobile/ios/Pods/SDWebImage/SDWebImage/Core/SDImageIOAnimatedCoder.m:203:51: warning: bitwise operation between different enumeration types ('CGImageAlphaInfo' (aka 'enum CGImageAlphaInfo') and 'CGBitmapInfo' (aka 'enum CGBitmapInfo')) [-Wenum-enum-conversion]
9447:/Users/wuyongjun/trea/WeKnora-fork01/.worktrees/issue30-sweep/apps/mobile/ios/Pods/SDWebImage/SDWebImage/Core/SDImageIOAnimatedCoder.m:652:64: warning: 'UTTypeCreatePreferredIdentifierForTag' is deprecated: first deprecated in iOS 15.0 - Use the UTType class instead. [-Wdeprecated-declarations]
9454:/Users/wuyongjun/trea/WeKnora-fork01/.worktrees/issue30-sweep/apps/mobile/ios/Pods/SDWebImage/SDWebImage/Core/SDImageIOAnimatedCoder.m:652:102: warning: 'kUTTagClassFilenameExtension' is deprecated: first deprecated in iOS 15.0 - Use UTTagClassFilenameExtension instead. [-Wdeprecated-declarations]
9461:/Users/wuyongjun/trea/WeKnora-fork01/.worktrees/issue30-sweep/apps/mobile/ios/Pods/SDWebImage/SDWebImage/Core/SDImageIOAnimatedCoder.m:652:173: warning: 'kUTTypeImage' is deprecated: first deprecated in iOS 15.0 - Use UTTypeImage or UTType.image (swift) instead. [-Wdeprecated-declarations]
……
hermesvm.framework/hermesvm

sent 9681935 bytes  received 70 bytes  70620021 bytes/sec
total size is 9680348  speedup is 1.00
Stripped /Users/wuyongjun/trea/WeKnora-fork01/.worktrees/issue30-sweep/apps/mobile/ios/build/Build/Products/Release-iphonesimulator/WeKnora.app/Frameworks/hermesvm.framework/hermesvm of architectures: x86_64
Code Signing /Users/wuyongjun/trea/WeKnora-fork01/.worktrees/issue30-sweep/apps/mobile/ios/build/Build/Products/Release-iphonesimulator/WeKnora.app/Frameworks/hermesvm.framework with Identity Sign to Run Locally
/usr/bin/codesign --force --sign -  --preserve-metadata=identifier,entitlements '/Users/wuyongjun/trea/WeKnora-fork01/.worktrees/issue30-sweep/apps/mobile/ios/build/Build/Products/Release-iphonesimulator/WeKnora.app/Frameworks/hermesvm.framework'
/Users/wuyongjun/trea/WeKnora-fork01/.worktrees/issue30-sweep/apps/mobile/ios/build/Build/Products/Release-iphonesimulator/WeKnora.app/Frameworks/hermesvm.framework: replacing existing signature

ExtractAppIntentsMetadata (in target 'WeKnora' from project 'WeKnora')
    cd /Users/wuyongjun/trea/WeKnora-fork01/.worktrees/issue30-sweep/apps/mobile/ios
    /Applications/Xcode.app/Contents/Developer/Toolchains/XcodeDefault.xctoolchain/usr/bin/appintentsmetadataprocessor --toolchain-dir /Applications/Xcode.app/Contents/Developer/Toolchains/XcodeDefault.xctoolchain --module-name WeKnora --sdk-root /Applications/Xcode.app/Contents/Developer/Platforms/iPhoneSimulator.platform/Developer/SDKs/iPhoneSimulator27.0.sdk --xcode-version 27A266a --platform-family iOS --deployment-target 16.0 --bundle-identifier com.weknora.mobile --output /Users/wuyongjun/trea/WeKnora-fork01/.worktrees/issue30-sweep/apps/mobile/ios/build/Build/Products/Release-iphonesimulator/WeKnora.app --target-triple arm64-apple-ios16.0-simulator --binary-file /Users/wuyongjun/trea/WeKnora-fork01/.worktrees/issue30-sweep/apps/mobile/ios/build/Build/Products/Release-iphonesimulator/WeKnora.app/WeKnora --dependency-file /Users/wuyongjun/trea/WeKnora-fork01/.worktrees/issue30-sweep/apps/mobile/ios/build/Build/Intermediates.noindex/WeKnora.build/Release-iphonesimulator/WeKnora.build/Objects-normal/arm64/WeKnora_dependency_info.dat --stringsdata-file /Users/wuyongjun/trea/WeKnora-fork01/.worktrees/issue30-sweep/apps/mobile/ios/build/Build/Intermediates.noindex/WeKnora.build/Release-iphonesimulator/WeKnora.build/Objects-normal/arm64/ExtractedAppShortcutsMetadata.stringsdata --source-file-list /Users/wuyongjun/trea/WeKnora-fork01/.worktrees/issue30-sweep/apps/mobile/ios/build/Build/Intermediates.noindex/WeKnora.build/Release-iphonesimulator/WeKnora.build/Objects-normal/arm64/WeKnora.SwiftFileList --metadata-file-list /Users/wuyongjun/trea/WeKnora-fork01/.worktrees/issue30-sweep/apps/mobile/ios/build/Build/Intermediates.noindex/WeKnora.build/Release-iphonesimulator/WeKnora.build/WeKnora.DependencyMetadataFileList --static-metadata-file-list /Users/wuyongjun/trea/WeKnora-fork01/.worktrees/issue30-sweep/apps/mobile/ios/build/Build/Intermediates.noindex/WeKnora.build/Release-iphonesimulator/WeKnora.build/WeKnora.DependencyStaticMetadataFileList --swift-const-vals-list /Users/wuyongjun/trea/WeKnora-fork01/.worktrees/issue30-sweep/apps/mobile/ios/build/Build/Intermediates.noindex/WeKnora.build/Release-iphonesimulator/WeKnora.build/Objects-normal/arm64/WeKnora.SwiftConstValuesFileList --compile-time-extraction --deployment-aware-processing --no-app-shortcuts-localization
2026-09-23 22:39:09.534 appintentsmetadataprocessor[29379:11089828] Starting appintentsmetadataprocessor export
2026-09-23 22:39:09.553 appintentsmetadataprocessor[29379:11089828] warning: Metadata extraction skipped, no AppIntents.framework dependency found

CopySwiftLibs /Users/wuyongjun/trea/WeKnora-fork01/.worktrees/issue30-sweep/apps/mobile/ios/build/Build/Products/Release-iphonesimulator/WeKnora.app (in target 'WeKnora' from project 'WeKnora')
    cd /Users/wuyongjun/trea/WeKnora-fork01/.worktrees/issue30-sweep/apps/mobile/ios
    builtin-swiftStdLibTool --copy --verbose --sign - --scan-executable /Users/wuyongjun/trea/WeKnora-fork01/.worktrees/issue30-sweep/apps/mobile/ios/build/Build/Products/Release-iphonesimulator/WeKnora.app/WeKnora --scan-folder /Users/wuyongjun/trea/WeKnora-fork01/.worktrees/issue30-sweep/apps/mobile/ios/build/Build/Products/Release-iphonesimulator/WeKnora.app/Frameworks --scan-folder /Users/wuyongjun/trea/WeKnora-fork01/.worktrees/issue30-sweep/apps/mobile/ios/build/Build/Products/Release-iphonesimulator/WeKnora.app/PlugIns --scan-folder /Users/wuyongjun/trea/WeKnora-fork01/.worktrees/issue30-sweep/apps/mobile/ios/build/Build/Products/Release-iphonesimulator/WeKnora.app/SystemExtensions --scan-folder /Users/wuyongjun/trea/WeKnora-fork01/.worktrees/issue30-sweep/apps/mobile/ios/build/Build/Products/Release-iphonesimulator/WeKnora.app/Extensions --platform iphonesimulator --toolchain /Applications/Xcode.app/Contents/Developer/Toolchains/XcodeDefault.xctoolchain --destination /Users/wuyongjun/trea/WeKnora-fork01/.worktrees/issue30-sweep/apps/mobile/ios/build/Build/Products/Release-iphonesimulator/WeKnora.app/Frameworks --strip-bitcode --strip-bitcode-tool /Applications/Xcode.app/Contents/Developer/Toolchains/XcodeDefault.xctoolchain/usr/bin/bitcode_strip --emit-dependency-info /Users/wuyongjun/trea/WeKnora-fork01/.worktrees/issue30-sweep/apps/mobile/ios/build/Build/Intermediates.noindex/WeKnora.build/Release-iphonesimulator/WeKnora.build/SwiftStdLibToolInputDependencies.dep --filter-for-swift-os

AppIntentsSSUTraining (in target 'WeKnora' from project 'WeKnora')
    cd /Users/wuyongjun/trea/WeKnora-fork01/.worktrees/issue30-sweep/apps/mobile/ios
    /Applications/Xcode.app/Contents/Developer/Toolchains/XcodeDefault.xctoolchain/usr/bin/appintentsnltrainingprocessor --infoplist-path /Users/wuyongjun/trea/WeKnora-fork01/.worktrees/issue30-sweep/apps/mobile/ios/build/Build/Products/Release-iphonesimulator/WeKnora.app/Info.plist --temp-dir-path /Users/wuyongjun/trea/WeKnora-fork01/.worktrees/issue30-sweep/apps/mobile/ios/build/Build/Intermediates.noindex/WeKnora.build/Release-iphonesimulator/WeKnora.build/ssu --bundle-id com.weknora.mobile --product-path /Users/wuyongjun/trea/WeKnora-fork01/.worktrees/issue30-sweep/apps/mobile/ios/build/Build/Products/Release-iphonesimulator/WeKnora.app --extracted-metadata-path /Users/wuyongjun/trea/WeKnora-fork01/.worktrees/issue30-sweep/apps/mobile/ios/build/Build/Products/Release-iphonesimulator/WeKnora.app/Metadata.appintents --metadata-file-list /Users/wuyongjun/trea/WeKnora-fork01/.worktrees/issue30-sweep/apps/mobile/ios/build/Build/Intermediates.noindex/WeKnora.build/Release-iphonesimulator/WeKnora.build/WeKnora.DependencyMetadataFileList --source-file /Users/wuyongjun/trea/WeKnora-fork01/.worktrees/issue30-sweep/apps/mobile/ios/build/Build/Products/Release-iphonesimulator/WeKnora.app/Info.plist --archive-ssu-assets
2026-09-23 22:39:09.619 appintentsnltrainingprocessor[29382:11089846] Parsing options for appintentsnltrainingprocessor
2026-09-23 22:39:09.620 appintentsnltrainingprocessor[29382:11089846] Starting AppIntents SSU YAML Generation
2026-09-23 22:39:09.622 appintentsnltrainingprocessor[29382:11089846] No AppShortcuts found - Skipping.

CodeSign /Users/wuyongjun/trea/WeKnora-fork01/.worktrees/issue30-sweep/apps/mobile/ios/build/Build/Products/Release-iphonesimulator/WeKnora.app (in target 'WeKnora' from project 'WeKnora')
    cd /Users/wuyongjun/trea/WeKnora-fork01/.worktrees/issue30-sweep/apps/mobile/ios
    
    Signing Identity:     "Sign to Run Locally"
    
    /usr/bin/codesign --force --sign - --entitlements /Users/wuyongjun/trea/WeKnora-fork01/.worktrees/issue30-sweep/apps/mobile/ios/build/Build/Intermediates.noindex/WeKnora.build/Release-iphonesimulator/WeKnora.build/WeKnora.app.xcent --timestamp\=none --generate-entitlement-der /Users/wuyongjun/trea/WeKnora-fork01/.worktrees/issue30-sweep/apps/mobile/ios/build/Build/Products/Release-iphonesimulator/WeKnora.app

RegisterExecutionPolicyException /Users/wuyongjun/trea/WeKnora-fork01/.worktrees/issue30-sweep/apps/mobile/ios/build/Build/Products/Release-iphonesimulator/WeKnora.app (in target 'WeKnora' from project 'WeKnora')
    cd /Users/wuyongjun/trea/WeKnora-fork01/.worktrees/issue30-sweep/apps/mobile/ios
    builtin-RegisterExecutionPolicyException /Users/wuyongjun/trea/WeKnora-fork01/.worktrees/issue30-sweep/apps/mobile/ios/build/Build/Products/Release-iphonesimulator/WeKnora.app

Validate /Users/wuyongjun/trea/WeKnora-fork01/.worktrees/issue30-sweep/apps/mobile/ios/build/Build/Products/Release-iphonesimulator/WeKnora.app (in target 'WeKnora' from project 'WeKnora')
    cd /Users/wuyongjun/trea/WeKnora-fork01/.worktrees/issue30-sweep/apps/mobile/ios
    builtin-validationUtility /Users/wuyongjun/trea/WeKnora-fork01/.worktrees/issue30-sweep/apps/mobile/ios/build/Build/Products/Release-iphonesimulator/WeKnora.app -validate-for-store -shallow-bundle -infoplist-subpath Info.plist

Touch /Users/wuyongjun/trea/WeKnora-fork01/.worktrees/issue30-sweep/apps/mobile/ios/build/Build/Products/Release-iphonesimulator/WeKnora.app (in target 'WeKnora' from project 'WeKnora')
    cd /Users/wuyongjun/trea/WeKnora-fork01/.worktrees/issue30-sweep/apps/mobile/ios
    /usr/bin/touch -c /Users/wuyongjun/trea/WeKnora-fork01/.worktrees/issue30-sweep/apps/mobile/ios/build/Build/Products/Release-iphonesimulator/WeKnora.app

PruneExplicitPrecompiledModules /Users/wuyongjun/trea/WeKnora-fork01/.worktrees/issue30-sweep/apps/mobile/ios/build/Build/Intermediates.noindex/ExplicitPrecompiledModules

PruneExplicitPrecompiledModules /Users/wuyongjun/trea/WeKnora-fork01/.worktrees/issue30-sweep/apps/mobile/ios/build/SDKExplicitPrecompiledModules

PruneExplicitPrecompiledModules /Users/wuyongjun/trea/WeKnora-fork01/.worktrees/issue30-sweep/apps/mobile/ios/build/Build/Intermediates.noindex/SwiftExplicitPrecompiledModules

note: Run script build phase '[CP-User] [RNDeps] Replace React Native Dependencies for the right configuration, if needed' will be run during every build because the option to run the script phase "Based on dependency analysis" is unchecked. (in target 'ReactNativeDependencies' from project 'Pods')
warning: Run script build phase '[CP-User] [Hermes] Replace Hermes for the right configuration, if needed' will be run during every build because it does not specify any outputs. To address this issue, either add output dependencies to the script phase, or configure it to run in every build by unchecking "Based on dependency analysis" in the script phase. (in target 'hermes-engine' from project 'Pods')
note: Run script build phase '[CP-User] [RN]Check FBReactNativeSpec' will be run during every build because the option to run the script phase "Based on dependency analysis" is unchecked. (in target 'React-RCTFBReactNativeSpec' from project 'Pods')
note: Run script build phase '[CP-User] [RNDeps] Replace React Native Core for the right configuration, if needed' will be run during every build because the option to run the script phase "Based on dependency analysis" is unchecked. (in target 'React-Core-prebuilt' from project 'Pods')
note: Run script build phase 'Bundle React Native code and images' will be run during every build because the option to run the script phase "Based on dependency analysis" is unchecked. (in target 'WeKnora' from project 'WeKnora')
note: Run script build phase '[Expo] Configure project' will be run during every build because the option to run the script phase "Based on dependency analysis" is unchecked. (in target 'WeKnora' from project 'WeKnora')
note: Run script build phase '[CP-User] Generate app.config for prebuilt Constants.manifest' will be run during every build because the option to run the script phase "Based on dependency analysis" is unchecked. (in target 'EXConstants' from project 'Pods')
** BUILD SUCCEEDED **

