- Creating native directory (./ios)
✔ Created native directory | reusing /ios
- Updating package.json
✔ Updated package.json | no changes
- Running prebuild
» ios: icon: No icon is defined in the Expo config.
- Running prebuild
✔ Finished prebuild
Using Expo modules
[Expo] Enabling modular headers for pod ExpoModulesCore
[Expo] Enabling modular headers for pod React-RCTAppDelegate
[Expo] Enabling modular headers for pod React-RCTFabric
[Expo] Enabling modular headers for pod ReactAppDependencyProvider
[Expo] Enabling modular headers for pod React-Core
[Expo] Enabling modular headers for pod ReactCodegen
[Expo] Enabling modular headers for pod RCTRequired
[Expo] Enabling modular headers for pod RCTTypeSafety
[Expo] Enabling modular headers for pod ReactCommon
[Expo] Enabling modular headers for pod React-NativeModulesApple
[Expo] Enabling modular headers for pod Yoga
[Expo] Enabling modular headers for pod React-Fabric
[Expo] Enabling modular headers for pod React-graphics
[Expo] Enabling modular headers for pod React-utils
[Expo] Enabling modular headers for pod React-featureflags
[Expo] Enabling modular headers for pod React-debug
[Expo] Enabling modular headers for pod React-ImageManager
[Expo] Enabling modular headers for pod React-rendererdebug
[Expo] Enabling modular headers for pod React-jsi
[Expo] Enabling modular headers for pod React-renderercss
[Expo] Enabling modular headers for pod hermes-engine
[Expo] Enabling modular headers for pod glog
[Expo] Enabling modular headers for pod boost
[Expo] Enabling modular headers for pod DoubleConversion
[Expo] Enabling modular headers for pod fast_float
[Expo] Enabling modular headers for pod fmt
[Expo] Enabling modular headers for pod RCT-Folly
[Expo] Enabling modular headers for pod SocketRocket
[Expo] Enabling modular headers for pod SDWebImage
[Expo] Enabling modular headers for pod SDWebImageAVIFCoder
[Expo] Enabling modular headers for pod SDWebImageSVGCoder
[Expo] Enabling modular headers for pod SDWebImageWebPCoder
[Expo] Enabling modular headers for pod libavif
[Expo] Enabling modular headers for pod RNScreens
[RNScreens] Gamma project enabled. Including source files.
Found 4 modules for target `WeKnora`
link_native_modules! {ios_packages: [{configurations: [], name: "expo", root: "/Users/wuyongjun/trea/WeKnora-fork01/.worktrees/issue30-sweep/node_modules/.pnpm/expo@55.0.31_@babel+core@7.29.7_@expo+dom-webview@55.0.6_@expo+metro-runtime@55.0.12_ex_f593484c475f317ab8dae98e152db8db/node_modules/expo", path: "../../../node_modules/.pnpm/expo@55.0.31_@babel+core@7.29.7_@expo+dom-webview@55.0.6_@expo+metro-runtime@55.0.12_ex_f593484c475f317ab8dae98e152db8db/node_modules/expo", podspec_path: "/Users/wuyongjun/trea/WeKnora-fork01/.worktrees/issue30-sweep/node_modules/.pnpm/expo@55.0.31_@babel+core@7.29.7_@expo+dom-webview@55.0.6_@expo+metro-runtime@55.0.12_ex_f593484c475f317ab8dae98e152db8db/node_modules/expo/Expo.podspec", script_phases: []}, {configurations: [], name: "react-native-gesture-handler", root: "/Users/wuyongjun/trea/WeKnora-fork01/.worktrees/issue30-sweep/node_modules/.pnpm/react-native-gesture-handler@2.30.1_react-native@0.83.10_@babel+core@7.29.7_@types+reac_0ff1a1ac46eeda3bddad0430270458c1/node_modules/react-native-gesture-handler", path: "../../../node_modules/.pnpm/react-native-gesture-handler@2.30.1_react-native@0.83.10_@babel+core@7.29.7_@types+reac_0ff1a1ac46eeda3bddad0430270458c1/node_modules/react-native-gesture-handler", podspec_path: "/Users/wuyongjun/trea/WeKnora-fork01/.worktrees/issue30-sweep/node_modules/.pnpm/react-native-gesture-handler@2.30.1_react-native@0.83.10_@babel+core@7.29.7_@types+reac_0ff1a1ac46eeda3bddad0430270458c1/node_modules/react-native-gesture-handler/RNGestureHandler.podspec", script_phases: []}, {configurations: [], name: "react-native-safe-area-context", root: "/Users/wuyongjun/trea/WeKnora-fork01/.worktrees/issue30-sweep/node_modules/.pnpm/react-native-safe-area-context@5.6.2_react-native@0.83.10_@babel+core@7.29.7_@types+rea_a7d101d674131d6015c181cd16db2c72/node_modules/react-native-safe-area-context", path: "../../../node_modules/.pnpm/react-native-safe-area-context@5.6.2_react-native@0.83.10_@babel+core@7.29.7_@types+rea_a7d101d674131d6015c181cd16db2c72/node_modules/react-native-safe-area-context", podspec_path: "/Users/wuyongjun/trea/WeKnora-fork01/.worktrees/issue30-sweep/node_modules/.pnpm/react-native-safe-area-context@5.6.2_react-native@0.83.10_@babel+core@7.29.7_@types+rea_a7d101d674131d6015c181cd16db2c72/node_modules/react-native-safe-area-context/react-native-safe-area-context.podspec", script_phases: []}, {configurations: [], name: "react-native-screens", root: "/Users/wuyongjun/trea/WeKnora-fork01/.worktrees/issue30-sweep/node_modules/.pnpm/react-native-screens@4.23.0_react-native@0.83.10_@babel+core@7.29.7_@types+react@19.2.18_react@19.2.0__react@19.2.0/node_modules/react-native-screens", path: "../../../node_modules/.pnpm/react-native-screens@4.23.0_react-native@0.83.10_@babel+core@7.29.7_@types+react@19.2.18_react@19.2.0__react@19.2.0/node_modules/react-native-screens", podspec_path: "/Users/wuyongjun/trea/WeKnora-fork01/.worktrees/issue30-sweep/node_modules/.pnpm/react-native-screens@4.23.0_react-native@0.83.10_@babel+core@7.29.7_@types+react@19.2.18_react@19.2.0__react@19.2.0/node_modules/react-native-screens/RNScreens.podspec", script_phases: []}], ios_project_root_path: "/Users/wuyongjun/trea/WeKnora-fork01/.worktrees/issue30-sweep/apps/mobile/ios", react_native_path: "../../../node_modules/.pnpm/react-native@0.83.10_@babel+core@7.29.7_@types+react@19.2.18_react@19.2.0/node_modules/react-native"}
[RNScreens] Gamma project enabled. Including source files.
Auto-linking React Native modules for target `WeKnora`: RNGestureHandler, RNScreens, and react-native-safe-area-context
Framework build type is static library
[ReactNativeDependencies] Setting up ReactNativeDependencies...
[ReactNativeDependencies] No prebuilt artifacts found, reverting to building from source.
[ReactNativeDependencies] Building from source: true
[ReactNativeDependencies] Source: 
[ReactNativeCore] Setting up ReactNativeCore...
[ReactNativeCore] No prebuilt artifacts found, reverting to building from source.
[ReactNativeCore] Building from source: true
Configuring the target with the New Architecture
[36m[1m[Codegen][0m Analyzing /Users/wuyongjun/trea/WeKnora-fork01/.worktrees/issue30-sweep/apps/mobile/package.json[0m
[36m[1m[Codegen][0m [33mSearching for codegen-enabled libraries in the app.[0m
[36m[1m[Codegen][0m [33mThe "codegenConfig" field is not defined in package.json. Assuming there is nothing to generate at the app level.[0m
[36m[1m[Codegen][0m [33mSearching for codegen-enabled libraries in react-native.config.js[0m
[36m[1m[Codegen][0m Found react-native-gesture-handler[0m
[36m[1m[Codegen][0m Found react-native-safe-area-context[0m
[36m[1m[Codegen][0m Found react-native-screens[0m
[36m[1m[Codegen][0m Processing rngesturehandler_codegen[0m
[36m[1m[Codegen][0m [33mSearching for podspec in the project dependencies.[0m
[36m[1m[Codegen][0m Supported Apple platforms: ios, macos, tvos, visionos for rngesturehandler_codegen[0m
[36m[1m[Codegen][0m Processing safeareacontext[0m
[36m[1m[Codegen][0m [33mSearching for podspec in the project dependencies.[0m
[36m[1m[Codegen][0m Supported Apple platforms: ios, macos, tvos, visionos for safeareacontext[0m
[36m[1m[Codegen][0m Processing rnscreens[0m
[36m[1m[Codegen][0m [33mSearching for podspec in the project dependencies.[0m
[36m[1m[Codegen][0m Supported Apple platforms: ios, tvos, visionos for rnscreens[0m
[36m[1m[Codegen][0m Generating Native Code for rngesturehandler_codegen - ios[0m
[36m[1m[Codegen][0m Generated artifacts: /Users/wuyongjun/trea/WeKnora-fork01/.worktrees/issue30-sweep/apps/mobile/ios/build/generated/ios/ReactCodegen[0m
[36m[1m[Codegen][0m Generating Native Code for safeareacontext - ios[0m
[36m[1m[Codegen][0m Generated artifacts: /Users/wuyongjun/trea/WeKnora-fork01/.worktrees/issue30-sweep/apps/mobile/ios/build/generated/ios/ReactCodegen[0m
[36m[1m[Codegen][0m Generating Native Code for rnscreens - ios[0m
[36m[1m[Codegen][0m Generated artifacts: /Users/wuyongjun/trea/WeKnora-fork01/.worktrees/issue30-sweep/apps/mobile/ios/build/generated/ios/ReactCodegen[0m
[36m[1m[Codegen][0m Generating RCTThirdPartyComponentsProvider.h[0m
[36m[1m[Codegen][0m Generated artifact: /Users/wuyongjun/trea/WeKnora-fork01/.worktrees/issue30-sweep/apps/mobile/ios/build/generated/ios/ReactCodegen/RCTThirdPartyComponentsProvider.h[0m
[36m[1m[Codegen][0m Generating RCTThirdPartyComponentsProvider.mm[0m
[36m[1m[Codegen][0m Generated artifact: /Users/wuyongjun/trea/WeKnora-fork01/.worktrees/issue30-sweep/apps/mobile/ios/build/generated/ios/ReactCodegen/RCTThirdPartyComponentsProvider.mm[0m
[36m[1m[Codegen][0m Generating RCTModulesProvider.h[0m
[36m[1m[Codegen][0m Generated artifact: /Users/wuyongjun/trea/WeKnora-fork01/.worktrees/issue30-sweep/apps/mobile/ios/build/generated/ios/ReactCodegen/RCTModuleProviders.h[0m
[36m[1m[Codegen][0m Generating RCTModuleProviders.mm[0m
[36m[1m[Codegen][0m Generated artifact: /Users/wuyongjun/trea/WeKnora-fork01/.worktrees/issue30-sweep/apps/mobile/ios/build/generated/ios/ReactCodegen/RCTModuleProviders.mm[0m
[36m[1m[Codegen][0m Generating RCTAppDependencyProvider[0m
[36m[1m[Codegen][0m Generated artifact: /Users/wuyongjun/trea/WeKnora-fork01/.worktrees/issue30-sweep/apps/mobile/ios/build/generated/ios/ReactAppDependencyProvider/RCTAppDependencyProvider.h[0m
[36m[1m[Codegen][0m Generated artifact: /Users/wuyongjun/trea/WeKnora-fork01/.worktrees/issue30-sweep/apps/mobile/ios/build/generated/ios/ReactAppDependencyProvider/RCTAppDependencyProvider.mm[0m
[36m[1m[Codegen][0m Generated podspec: /Users/wuyongjun/trea/WeKnora-fork01/.worktrees/issue30-sweep/apps/mobile/ios/build/generated/ios/ReactAppDependencyProvider/ReactAppDependencyProvider.podspec[0m
[36m[1m[Codegen][0m Generated podspec: /Users/wuyongjun/trea/WeKnora-fork01/.worktrees/issue30-sweep/apps/mobile/ios/build/generated/ios/ReactCodegen/ReactCodegen.podspec[0m
[36m[1m[Codegen][0m Generating Package.swift[0m
[36m[1m[Codegen][0m Generated artifact: /Users/wuyongjun/trea/WeKnora-fork01/.worktrees/issue30-sweep/apps/mobile/ios/build/generated/ios/Package.swift[0m
[36m[1m[Codegen][0m [33mDone.[0m
Analyzing dependencies
Fetching podspec for `DoubleConversion` from `../../../node_modules/.pnpm/react-native@0.83.10_@babel+core@7.29.7_@types+react@19.2.18_react@19.2.0/node_modules/react-native/third-party-podspecs/DoubleConversion.podspec`
Fetching podspec for `RCT-Folly` from `../../../node_modules/.pnpm/react-native@0.83.10_@babel+core@7.29.7_@types+react@19.2.18_react@19.2.0/node_modules/react-native/third-party-podspecs/RCT-Folly.podspec`
[RNScreens] Gamma project enabled. Including source files.
Fetching podspec for `boost` from `../../../node_modules/.pnpm/react-native@0.83.10_@babel+core@7.29.7_@types+react@19.2.18_react@19.2.0/node_modules/react-native/third-party-podspecs/boost.podspec`
Fetching podspec for `fast_float` from `../../../node_modules/.pnpm/react-native@0.83.10_@babel+core@7.29.7_@types+react@19.2.18_react@19.2.0/node_modules/react-native/third-party-podspecs/fast_float.podspec`
Fetching podspec for `fmt` from `../../../node_modules/.pnpm/react-native@0.83.10_@babel+core@7.29.7_@types+react@19.2.18_react@19.2.0/node_modules/react-native/third-party-podspecs/fmt.podspec`
Fetching podspec for `glog` from `../../../node_modules/.pnpm/react-native@0.83.10_@babel+core@7.29.7_@types+react@19.2.18_react@19.2.0/node_modules/react-native/third-party-podspecs/glog.podspec`
Downloading dependencies
Installing DoubleConversion (1.1.6)
Installing Expo 55.0.31
Installing ExpoModulesCore 55.0.26
Installing FBLazyVector 0.83.10
Installing RCT-Folly (2024.11.18.00)
Installing RCTDeprecation 0.83.10
Installing RCTRequired 0.83.10
Installing RCTTypeSafety 0.83.10
Installing RNGestureHandler 2.30.1
Installing RNScreens 4.23.0
Installing React-Core 0.83.10
Installing React-CoreModules 0.83.10
Installing React-Fabric 0.83.10
Installing React-FabricComponents 0.83.10
Installing React-FabricImage 0.83.10
Installing React-ImageManager 0.83.10
Installing React-Mapbuffer 0.83.10
Installing React-NativeModulesApple 0.83.10
Installing React-RCTActionSheet 0.83.10
Installing React-RCTAnimation 0.83.10
Installing React-RCTAppDelegate 0.83.10
Installing React-RCTBlob 0.83.10
Installing React-RCTFBReactNativeSpec 0.83.10
Installing React-RCTFabric 0.83.10
Installing React-RCTImage 0.83.10
Installing React-RCTLinking 0.83.10
Installing React-RCTNetwork 0.83.10
Installing React-RCTRuntime 0.83.10
Installing React-RCTSettings 0.83.10
Installing React-RCTText 0.83.10
Installing React-RCTVibration 0.83.10
Installing React-RuntimeApple 0.83.10
Installing React-RuntimeCore 0.83.10
Installing React-RuntimeHermes 0.83.10
Installing React-callinvoker 0.83.10
Installing React-cxxreact 0.83.10
Installing React-debug 0.83.10
Installing React-defaultsnativemodule 0.83.10
Installing React-domnativemodule 0.83.10
Installing React-featureflags 0.83.10
Installing React-featureflagsnativemodule 0.83.10
Installing React-graphics 0.83.10
Installing React-hermes 0.83.10
Installing React-idlecallbacksnativemodule 0.83.10
Installing React-intersectionobservernativemodule 0.83.10
Installing React-jserrorhandler 0.83.10
Installing React-jsi 0.83.10
Installing React-jsiexecutor 0.83.10
Installing React-jsinspector 0.83.10
Installing React-jsinspectorcdp 0.83.10
Installing React-jsinspectornetwork 0.83.10
Installing React-jsinspectortracing 0.83.10
Installing React-jsitooling 0.83.10
Installing React-jsitracing 0.83.10
Installing React-logger 0.83.10
Installing React-microtasksnativemodule 0.83.10
Installing React-mutationobservernativemodule 0.83.10
Installing React-networking 0.83.10
Installing React-oscompat 0.83.10
Installing React-perflogger 0.83.10
Installing React-performancecdpmetrics 0.83.10
Installing React-performancetimeline 0.83.10
Installing React-rendererconsistency 0.83.10
Installing React-renderercss 0.83.10
Installing React-rendererdebug 0.83.10
Installing React-runtimeexecutor 0.83.10
Installing React-runtimescheduler 0.83.10
Installing React-timing 0.83.10
Installing React-utils 0.83.10
Installing React-webperformancenativemodule 0.83.10
Installing ReactCodegen 0.83.10
Installing ReactCommon 0.83.10
Installing SocketRocket (0.7.1)
Installing Yoga 0.0.0
Installing boost (1.84.0)
Installing fast_float (8.0.0)
Installing fmt (12.1.0)
Installing glog (0.3.5)

[!] Error installing glog
[!] /usr/bin/git clone https://github.com/google/glog.git /var/folders/_8/x5vdz8d97cld_s1yp0th3zr00000gn/T/d20260928-24429-x5gdqy --template= --single-branch --depth 1 --branch v0.3.5

Cloning into '/var/folders/_8/x5vdz8d97cld_s1yp0th3zr00000gn/T/d20260928-24429-x5gdqy'...
fatal: unable to access 'https://github.com/google/glog.git/': Recv failure: Connection reset by peer
bash apps/mobile/scripts/ios-release-build.sh   5.01s user 3.13s system 12% cpu 1:05.02 total
BUILD_EXIT=1
