PASS | [act2-recovery] wechat-order | order=ord_c5fdff1f6b76f3aa
PASS | [act2-recovery] query-recovery-pays | order state after recovery=paid
PASS | [act2-recovery] paid-awaiting | paid_awaiting_activation
PASS | [act2-recovery] recovered-active | purchase reached active after the missed-notify recovery
PASS | [act3-duplicate] both-ack-success | both replays answered WeKnora 200 {"code":"SUCCESS"}
PASS | [act3-duplicate] counts-unchanged | fulfilled/outbox-fulfill/succeeded-attempt all exactly 1 (plus the retired pre-switch alipay row)
PASS | [act3-duplicate] lago-payment-one | lago succeeded payments = 1
PASS | [act4a-paid-race] wechat-order-landed | order=ord_2a655ecbf619d719
PASS | [act4a-paid-race] answers-paid-old-order | answered the OLD wechat order ord_2a655ecbf619d719 payment=paid
PASS | [act4a-paid-race] zero-alipay-creates | the paid race never opened an alipay order
PASS | [act4a-paid-race] close-orderpaid-then-query | CLOSE answered ORDER_PAID, the decisive QUERY ran
PASS | [act4a-paid-race] one-fulfill | fulfill events for the raced order = 1
PASS | [act4a-paid-race] race-active | the raced payment still reached active (exactly-once fulfillment)
PASS | [act4b-switch] new-alipay-order | new order carries an alipay qr link
PASS | [act4b-switch] wechat-close-204 | the old wechat order was closed (204)
PASS | [act4b-switch] old-retired | the old order is channel-failed and its attempt closed
PASS | [act4b-switch] one-payable-entry | payable pending orders = 1 (the new one only)
PASS | [act4b-switch] late-success-accepted | the late success on the closed order answered 200 (fact retained)
PASS | [act4b-switch] no-second-fulfillment | the late success never minted a second fulfillment right
PASS | [act5-four-objects] subscription-active | the purchase subscription is active (exactly one)
PASS | [act5-four-objects] invoice-finalized-fee | gating invoice finalized+succeeded (fee face 1320, the proration shape 82 already documented)
PASS | [act5-four-objects] fee-exactly-one | exactly one subscription fee on the gating invoice
PASS | [act5-four-objects] payment-one | succeeded payments = 1
PASS | [act5-four-objects] purchase-wallet-granted | the purchase wallet granted the 9.90 first period (status 1 = settled)
PASS | [act5-four-objects] product-credits-feature | credits face carries the 1.0 base + 9.9 purchase balance: {"balance_micro":"10900000","batches":[{"balance_micro":"10900000","expires_at":
PASS | [act5-four-objects] advanced-models | features face: {"advanced_models":true,"api_access":true,"priority_support":false}
RESULT [{"act":"act2-recovery","step":"wechat-order","ok":true,"detail":"order=ord_c5fdff1f6b76f3aa"},{"act":"act2-recovery","step":"query-recovery-pays","ok":true,"detail":"order state after recovery=paid"},{"act":"act2-recovery","step":"paid-awaiting","ok":true,"detail":"paid_awaiting_activation"},{"act":"act2-recovery","step":"recovered-active","ok":true,"detail":"purchase reached active after the missed-notify recovery"},{"act":"act3-duplicate","step":"both-ack-success","ok":true,"detail":"both replays answered WeKnora 200 {\"code\":\"SUCCESS\"}"},{"act":"act3-duplicate","step":"counts-unchanged","ok":true,"detail":"fulfilled/outbox-fulfill/succeeded-attempt all exactly 1 (plus the retired pre-switch alipay row)"},{"act":"act3-duplicate","step":"lago-payment-one","ok":true,"detail":"lago succeeded payments = 1"},{"act":"act4a-paid-race","step":"wechat-order-landed","ok":true,"detail":"order=ord_2a655ecbf619d719"},{"act":"act4a-paid-race","step":"answers-paid-old-order","ok":true,"detail":"answered the OLD wechat order ord_2a655ecbf619d719 payment=paid"},{"act":"act4a-paid-race","step":"zero-alipay-creates","ok":true,"detail":"the paid race never opened an alipay order"},{"act":"act4a-paid-race","step":"close-orderpaid-then-query","ok":true,"detail":"CLOSE answered ORDER_PAID, the decisive QUERY ran"},{"act":"act4a-paid-race","step":"one-fulfill","ok":true,"detail":"fulfill events for the raced order = 1"},{"act":"act4a-paid-race","step":"race-active","ok":true,"detail":"the raced payment still reached active (exactly-once fulfillment)"},{"act":"act4b-switch","step":"new-alipay-order","ok":true,"detail":"new order carries an alipay qr link"},{"act":"act4b-switch","step":"wechat-close-204","ok":true,"detail":"the old wechat order was closed (204)"},{"act":"act4b-switch","step":"old-retired","ok":true,"detail":"the old order is channel-failed and its attempt closed"},{"act":"act4b-switch","step":"one-payable-entry","ok":true,"detail":"payable pending orders = 1 (the new one only)"},{"act":"act4b-switch","step":"late-success-accepted","ok":true,"detail":"the late success on the closed order answered 200 (fact retained)"},{"act":"act4b-switch","step":"no-second-fulfillment","ok":true,"detail":"the late success never minted a second fulfillment right"},{"act":"act5-four-objects","step":"subscription-active","ok":true,"detail":"the purchase subscription is active (exactly one)"},{"act":"act5-four-objects","step":"invoice-finalized-fee","ok":true,"detail":"gating invoice finalized+succeeded (fee face 1320, the proration shape 82 already documented)"},{"act":"act5-four-objects","step":"fee-exactly-one","ok":true,"detail":"exactly one subscription fee on the gating invoice"},{"act":"act5-four-objects","step":"payment-one","ok":true,"detail":"succeeded payments = 1"},{"act":"act5-four-objects","step":"purchase-wallet-granted","ok":true,"detail":"the purchase wallet granted the 9.90 first period (status 1 = settled)"},{"act":"act5-four-objects","step":"product-credits-feature","ok":true,"detail":"credits face carries the 1.0 base + 9.9 purchase balance: {\"balance_micro\":\"10900000\",\"batches\":[{\"balance_micro\":\"10900000\",\"expires_at\":"},{"act":"act5-four-objects","step":"advanced-models","ok":true,"detail":"features face: {\"advanced_models\":true,\"api_access\":true,\"priority_support\":false}"}]
